// Jest Snapshot v1, https://goo.gl/fbAQLP

exports[`AuthHeaderコンポーネントが正しく表示されること 1`] = `
<View>
  <View
    hasTabs={true}
    iosBarStyle="light-content"
    style={
      Array [
        Object {
          "backgroundColor": "#F8F8F8",
          "borderBottomColor": "#a7a6ab",
          "borderBottomWidth": null,
          "elevation": 0,
          "flexDirection": "row",
          "height": 64,
          "justifyContent": "center",
          "left": 0,
          "paddingLeft": 10,
          "paddingRight": 10,
          "paddingTop": 15,
          "right": 0,
          "shadowColor": null,
          "shadowOffset": null,
          "shadowOpacity": null,
          "shadowRadius": null,
          "top": 0,
        },
        Object {
          "backgroundColor": "#4169e1",
        },
      ]
    }
    virtual={undefined}
  >
    <View
      style={
        Object {
          "alignItems": "center",
          "alignSelf": "center",
          "flex": 1,
        }
      }
      virtual={undefined}
    >
      <Text
        accessible={true}
        allowFontScaling={true}
        ellipsizeMode="tail"
        numberOfLines={1}
        style={
          Array [
            Object {
              "color": "#000",
              "fontFamily": "System",
              "fontSize": 17,
              "fontWeight": "600",
              "textAlign": "center",
            },
            Object {
              "color": "#ffffff",
            },
          ]
        }
        virtual={undefined}
      >
        登録・認証
      </Text>
    </View>
  </View>
</View>
`;
