// Jest Snapshot v1, https://goo.gl/fbAQLP

exports[`GlobalSideListItemコンポーネントが正しく表示されること 1`] = `
<View
  accessible={true}
  isTVSelectable={true}
  onResponderGrant={[Function]}
  onResponderMove={[Function]}
  onResponderRelease={[Function]}
  onResponderTerminate={[Function]}
  onResponderTerminationRequest={[Function]}
  onStartShouldSetResponder={[Function]}
  style={null}
>
  <View
    last={true}
    style={
      Array [
        Object {
          "alignItems": "center",
          "backgroundColor": "transparent",
          "borderBottomWidth": 0.5,
          "borderColor": "#c9c9c9",
          "flexDirection": "row",
          "marginLeft": -15,
          "paddingBottom": 13,
          "paddingLeft": 30,
          "paddingRight": 16,
          "paddingTop": 13,
          "top": 1,
        },
        Object {
          "height": 50,
        },
      ]
    }
  >
    <Text
      style={
        Array [
          Object {
            "alignSelf": "center",
            "color": "#000",
            "fontFamily": "System",
            "fontSize": 16,
          },
          Object {
            "color": "#555555",
            "fontSize": 12,
            "fontWeight": "bold",
          },
        ]
      }
      uppercase={false}
    >
      フィード
    </Text>
  </View>
</View>
`;
