// Jest Snapshot v1, https://goo.gl/fbAQLP

exports[`GlobalTabコンポーネントが正しく表示されること 1`] = `
<View
  accessible={true}
  isTVSelectable={true}
  onResponderGrant={[Function]}
  onResponderMove={[Function]}
  onResponderRelease={[Function]}
  onResponderTerminate={[Function]}
  onResponderTerminationRequest={[Function]}
  onStartShouldSetResponder={[Function]}
  style={
    Object {
      "alignItems": "center",
      "alignSelf": "flex-start",
      "backgroundColor": "#007aff",
      "borderBottomWidth": null,
      "borderColor": "#007aff",
      "borderLeftWidth": null,
      "borderRadius": 5,
      "borderRightWidth": null,
      "borderTopWidth": null,
      "borderWidth": undefined,
      "elevation": 2,
      "flexDirection": "column",
      "height": null,
      "justifyContent": "space-between",
      "opacity": 1,
      "paddingBottom": 6,
      "paddingTop": 6,
      "shadowColor": undefined,
      "shadowOffset": undefined,
      "shadowOpacity": undefined,
      "shadowRadius": undefined,
    }
  }
>
  <Text
    allowFontScaling={false}
    style={
      Array [
        Object {
          "color": undefined,
          "fontSize": 12,
        },
        Array [
          Object {
            "color": "#000",
            "fontSize": 30,
          },
          Object {
            "color": "#fff",
            "fontSize": 24,
            "marginLeft": 16,
            "marginRight": 16,
            "paddingTop": 2,
          },
          Object {
            "color": "#4169e1",
          },
        ],
        Object {
          "fontFamily": "Ionicons",
          "fontStyle": "normal",
          "fontWeight": "normal",
        },
        Object {},
      ]
    }
  >
    
  </Text>
  <Text
    style={
      Array [
        Object {
          "backgroundColor": "transparent",
          "color": "#fff",
          "fontFamily": "System",
          "fontSize": 16.5,
          "marginLeft": 0,
          "marginRight": 0,
          "paddingLeft": 16,
          "paddingRight": 16,
        },
        Object {
          "color": "#4169e1",
        },
      ]
    }
    uppercase={false}
  >
    フィード
  </Text>
</View>
`;
